Vocab size: 32,000
Model config: {'sequence_len': 2048, 'vocab_size': 32000, 'n_layer': 8, 'n_head': 4, 'n_kv_head': 4, 'n_embd': 512, 'window_pattern': 'SSSL'}
Parameter counts:
  wte                     : 16,384,000
  value_embeds            : 65,536,000
  lm_head                 : 16,384,000
  transformer_matrices    : 25,166,336
  scalars                 : 16
  total                   : 123,470,352
Estimated FLOPs per token: 3.122166e+08
Scaling AdamW LRs by 1/sqrt(512/768) = 1.224745
Time budget: 300s
Gradient accumulation steps: 2
Traceback (most recent call last):
  File "/home/lazydayz137/autoresearch/train.py", line 547, in <module>
    loss = model(x, y)
  File "/home/lazydayz137/autoresearch/.venv/lib/python3.10/site-packages/torch/_dynamo/eval_frame.py", line 414, in __call__
    return super().__call__(*args, **kwargs)
  File "/home/lazydayz137/autoresearch/.venv/lib/python3.10/site-packages/torch/nn/modules/module.py", line 1775, in _wrapped_call_impl
    return self._call_impl(*args, **kwargs)
  File "/home/lazydayz137/autoresearch/.venv/lib/python3.10/site-packages/torch/nn/modules/module.py", line 1786, in _call_impl
    return forward_call(*args, **kwargs)
  File "/home/lazydayz137/autoresearch/.venv/lib/python3.10/site-packages/torch/_dynamo/eval_frame.py", line 832, in compile_wrapper
    return fn(*args, **kwargs)
  File "/home/lazydayz137/autoresearch/.venv/lib/python3.10/site-packages/torch/nn/modules/module.py", line 1775, in _wrapped_call_impl
    return self._call_impl(*args, **kwargs)
  File "/home/lazydayz137/autoresearch/.venv/lib/python3.10/site-packages/torch/nn/modules/module.py", line 1786, in _call_impl
    return forward_call(*args, **kwargs)
  File "/home/lazydayz137/autoresearch/train.py", line 267, in forward
    def forward(self, idx, targets=None, reduction='mean'):
  File "/home/lazydayz137/autoresearch/.venv/lib/python3.10/site-packages/torch/_dynamo/eval_frame.py", line 1044, in _fn
    return fn(*args, **kwargs)
  File "/home/lazydayz137/autoresearch/.venv/lib/python3.10/site-packages/torch/_functorch/aot_autograd.py", line 1130, in forward
    return compiled_fn(full_args)
  File "/home/lazydayz137/autoresearch/.venv/lib/python3.10/site-packages/torch/_functorch/_aot_autograd/runtime_wrappers.py", line 339, in runtime_wrapper
    all_outs = call_func_at_runtime_with_args(
  File "/home/lazydayz137/autoresearch/.venv/lib/python3.10/site-packages/torch/_functorch/_aot_autograd/utils.py", line 129, in call_func_at_runtime_with_args
    out = normalize_as_list(f(args))
  File "/home/lazydayz137/autoresearch/.venv/lib/python3.10/site-packages/torch/_functorch/_aot_autograd/utils.py", line 103, in g
    return f(*args)
  File "/home/lazydayz137/autoresearch/.venv/lib/python3.10/site-packages/torch/autograd/function.py", line 581, in apply
    return super().apply(*args, **kwargs)  # type: ignore[misc]
  File "/home/lazydayz137/autoresearch/.venv/lib/python3.10/site-packages/torch/_functorch/_aot_autograd/runtime_wrappers.py", line 2118, in forward
    fw_outs = call_func_at_runtime_with_args(
  File "/home/lazydayz137/autoresearch/.venv/lib/python3.10/site-packages/torch/_functorch/_aot_autograd/utils.py", line 129, in call_func_at_runtime_with_args
    out = normalize_as_list(f(args))
  File "/home/lazydayz137/autoresearch/.venv/lib/python3.10/site-packages/torch/_functorch/_aot_autograd/runtime_wrappers.py", line 526, in wrapper
    return compiled_fn(runtime_args)
  File "/home/lazydayz137/autoresearch/.venv/lib/python3.10/site-packages/torch/_functorch/_aot_autograd/runtime_wrappers.py", line 724, in inner_fn
    outs = compiled_fn(args)
  File "/home/lazydayz137/autoresearch/.venv/lib/python3.10/site-packages/torch/_inductor/output_code.py", line 613, in __call__
    return self.current_callable(inputs)
  File "/home/lazydayz137/autoresearch/.venv/lib/python3.10/site-packages/torch/_inductor/utils.py", line 3017, in run
    out = model(new_inputs)
  File "/tmp/torchinductor_lazydayz137/me/cmek7wwlbaqfgibh2j3cm3ig3nf3stuhpdyhx3sswxg2uknsrlq2.py", line 2336, in call
    buf179 = empty_strided_cuda((128, 2048, 512), (1048576, 512, 1), torch.bfloat16)
torch.OutOfMemoryError: CUDA out of memory. Tried to allocate 256.00 MiB. GPU 0 has a total capacity of 23.54 GiB of which 182.81 MiB is free. Process 1186177 has 9.66 MiB memory in use. Including non-PyTorch memory, this process has 22.49 GiB memory in use. Of the allocated memory 22.17 GiB is allocated by PyTorch, and 7.37 MiB is reserved by PyTorch but unallocated. If reserved but unallocated memory is large try setting PYTORCH_CUDA_ALLOC_CONF=expandable_segments:True to avoid fragmentation.  See documentation for Memory Management  (https://pytorch.org/docs/stable/notes/cuda.html#environment-variables)
